Internal Server Error: /doctors/profile/update/
Traceback (most recent call last):
  File "C:\Users\DELL\AppData\Roaming\Python\Python313\site-packages\django\urls\base.py", line 81, in reverse
    extra, resolver = resolver.namespace_dict[ns]
                      ~~~~~~~~~~~~~~~~~~~~~~~^^^^
KeyError: 'users'

During handling of the above exception, another exception occurred:

Traceback (most recent call last):
  File "C:\Users\DELL\AppData\Roaming\Python\Python313\site-packages\django\core\handlers\exception.py", line 55, in inner
    response = get_response(request)
  File "C:\Users\DELL\AppData\Roaming\Python\Python313\site-packages\django\core\handlers\base.py", line 198, in _get_response
    response = wrapped_callback(request, *callback_args, **callback_kwargs)
  File "C:\Users\DELL\AppData\Roaming\Python\Python313\site-packages\django\contrib\auth\decorators.py", line 59, in _view_wrapper
    return view_func(request, *args, **kwargs)
  File "D:\django\medical_ai_system\doctors\views.py", line 137, in update_doctor_profile
    return redirect('users:dashboard')
  File "C:\Users\DELL\AppData\Roaming\Python\Python313\site-packages\django\shortcuts.py", line 51, in redirect
    resolve_url(to, *args, **kwargs),
    ~~~~~~~~~~~^^^^^^^^^^^^^^^^^^^^^
  File "C:\Users\DELL\AppData\Roaming\Python\Python313\site-packages\django\shortcuts.py", line 184, in resolve_url
    return reverse(to, args=args, kwargs=kwargs)
  File "C:\Users\DELL\AppData\Roaming\Python\Python313\site-packages\django\urls\base.py", line 92, in reverse
    raise NoReverseMatch("%s is not a registered namespace" % key)
django.urls.exceptions.NoReverseMatch: 'users' is not a registered namespace
"GET /doctors/profile/update/ HTTP/1.1" 500 95604
Internal Server Error: /doctors/dashboard/
Traceback (most recent call last):
  File "C:\Users\DELL\AppData\Roaming\Python\Python313\site-packages\django\urls\base.py", line 81, in reverse
    extra, resolver = resolver.namespace_dict[ns]
                      ~~~~~~~~~~~~~~~~~~~~~~~^^^^
KeyError: 'users'

During handling of the above exception, another exception occurred:

Traceback (most recent call last):
  File "C:\Users\DELL\AppData\Roaming\Python\Python313\site-packages\django\core\handlers\exception.py", line 55, in inner
    response = get_response(request)
  File "C:\Users\DELL\AppData\Roaming\Python\Python313\site-packages\django\core\handlers\base.py", line 198, in _get_response
    response = wrapped_callback(request, *callback_args, **callback_kwargs)
  File "C:\Users\DELL\AppData\Roaming\Python\Python313\site-packages\django\contrib\auth\decorators.py", line 59, in _view_wrapper
    return view_func(request, *args, **kwargs)
  File "D:\django\medical_ai_system\doctors\views.py", line 84, in doctor_dashboard
    return redirect('users:dashboard')
  File "C:\Users\DELL\AppData\Roaming\Python\Python313\site-packages\django\shortcuts.py", line 51, in redirect
    resolve_url(to, *args, **kwargs),
    ~~~~~~~~~~~^^^^^^^^^^^^^^^^^^^^^
  File "C:\Users\DELL\AppData\Roaming\Python\Python313\site-packages\django\shortcuts.py", line 184, in resolve_url
    return reverse(to, args=args, kwargs=kwargs)
  File "C:\Users\DELL\AppData\Roaming\Python\Python313\site-packages\django\urls\base.py", line 92, in reverse
    raise NoReverseMatch("%s is not a registered namespace" % key)
django.urls.exceptions.NoReverseMatch: 'users' is not a registered namespace
"GET /doctors/dashboard/ HTTP/1.1" 500 95445
Internal Server Error: /appointments/book/2/
Traceback (most recent call last):
  File "C:\Users\DELL\AppData\Roaming\Python\Python313\site-packages\django\db\models\fields\__init__.py", line 2032, in get_prep_value
    return float(value)
TypeError: float() argument must be a string or a real number, not 'dict'

The above exception was the direct cause of the following exception:

Traceback (most recent call last):
  File "C:\Users\DELL\AppData\Roaming\Python\Python313\site-packages\django\core\handlers\exception.py", line 55, in inner
    response = get_response(request)
  File "C:\Users\DELL\AppData\Roaming\Python\Python313\site-packages\django\core\handlers\base.py", line 198, in _get_response
    response = wrapped_callback(request, *callback_args, **callback_kwargs)
  File "C:\Users\DELL\AppData\Roaming\Python\Python313\site-packages\django\contrib\auth\decorators.py", line 59, in _view_wrapper
    return view_func(request, *args, **kwargs)
  File "D:\django\medical_ai_system\appointments\views.py", line 139, in book_appointment
    appointment.save()
    ~~~~~~~~~~~~~~~~^^
  File "C:\Users\DELL\AppData\Roaming\Python\Python313\site-packages\django\db\models\base.py", line 874, in save
    self.save_base(
    ~~~~~~~~~~~~~~^
        using=using,
        ^^^^^^^^^^^^
    ...<2 lines>...
        update_fields=update_fields,
        ^^^^^^^^^^^^^^^^^^^^^^^^^^^^
    )
    ^
  File "C:\Users\DELL\AppData\Roaming\Python\Python313\site-packages\django\db\models\base.py", line 966, in save_base
    updated = self._save_table(
        raw,
    ...<4 lines>...
        update_fields,
    )
  File "C:\Users\DELL\AppData\Roaming\Python\Python313\site-packages\django\db\models\base.py", line 1110, in _save_table
    results = self._do_update(
        base_qs,
    ...<5 lines>...
        returning_fields,
    )
  File "C:\Users\DELL\AppData\Roaming\Python\Python313\site-packages\django\db\models\base.py", line 1213, in _do_update
    return filtered._update(values, returning_fields)
           ~~~~~~~~~~~~~~~~^^^^^^^^^^^^^^^^^^^^^^^^^^
  File "C:\Users\DELL\AppData\Roaming\Python\Python313\site-packages\django\db\models\query.py", line 1327, in _update
    return query.get_compiler(self.db).execute_returning_sql(returning_fields)
           ~~~~~~~~~~~~~~~~~~~~~~~~~~~~~~~~~~~~~~~~~~~~~~~~~^^^^^^^^^^^^^^^^^^
  File "C:\Users\DELL\AppData\Roaming\Python\Python313\site-packages\django\db\models\sql\compiler.py", line 2140, in execute_returning_sql
    row_count = self.execute_sql(ROW_COUNT)
  File "C:\Users\DELL\AppData\Roaming\Python\Python313\site-packages\django\db\models\sql\compiler.py", line 2111, in execute_sql
    row_count = super().execute_sql(result_type)
  File "C:\Users\DELL\AppData\Roaming\Python\Python313\site-packages\django\db\models\sql\compiler.py", line 1611, in execute_sql
    sql, params = self.as_sql()
                  ~~~~~~~~~~~^^
  File "C:\Users\DELL\AppData\Roaming\Python\Python313\site-packages\django\db\models\sql\compiler.py", line 2065, in as_sql
    val = field.get_db_prep_save(val, connection=self.connection)
  File "C:\Users\DELL\AppData\Roaming\Python\Python313\site-packages\django\db\models\fields\__init__.py", line 1011, in get_db_prep_save
    return self.get_db_prep_value(value, connection=connection, prepared=False)
           ~~~~~~~~~~~~~~~~~~~~~~^^^^^^^^^^^^^^^^^^^^^^^^^^^^^^^^^^^^^^^^^^^^^^
  File "C:\Users\DELL\AppData\Roaming\Python\Python313\site-packages\django\db\models\fields\__init__.py", line 1004, in get_db_prep_value
    value = self.get_prep_value(value)
  File "C:\Users\DELL\AppData\Roaming\Python\Python313\site-packages\django\db\models\fields\__init__.py", line 2034, in get_prep_value
    raise e.__class__(
        "Field '%s' expected a number but got %r." % (self.name, value),
    ) from e
TypeError: Field 'prediction_score' expected a number but got {'prediction': 0.5, 'confidence': 0.5, 'risk_level': 'medium', 'factors': [], 'error': 'Model not loaded'}.
"POST /appointments/book/2/ HTTP/1.1" 500 146299
Internal Server Error: /appointments/book/2/
Traceback (most recent call last):
  File "C:\Users\DELL\AppData\Roaming\Python\Python313\site-packages\django\db\models\fields\__init__.py", line 2032, in get_prep_value
    return float(value)
TypeError: float() argument must be a string or a real number, not 'dict'

The above exception was the direct cause of the following exception:

Traceback (most recent call last):
  File "C:\Users\DELL\AppData\Roaming\Python\Python313\site-packages\django\core\handlers\exception.py", line 55, in inner
    response = get_response(request)
  File "C:\Users\DELL\AppData\Roaming\Python\Python313\site-packages\django\core\handlers\base.py", line 198, in _get_response
    response = wrapped_callback(request, *callback_args, **callback_kwargs)
  File "C:\Users\DELL\AppData\Roaming\Python\Python313\site-packages\django\contrib\auth\decorators.py", line 59, in _view_wrapper
    return view_func(request, *args, **kwargs)
  File "D:\django\medical_ai_system\appointments\views.py", line 139, in book_appointment
    appointment.save()
    ~~~~~~~~~~~~~~~~^^
  File "C:\Users\DELL\AppData\Roaming\Python\Python313\site-packages\django\db\models\base.py", line 874, in save
    self.save_base(
    ~~~~~~~~~~~~~~^
        using=using,
        ^^^^^^^^^^^^
    ...<2 lines>...
        update_fields=update_fields,
        ^^^^^^^^^^^^^^^^^^^^^^^^^^^^
    )
    ^
  File "C:\Users\DELL\AppData\Roaming\Python\Python313\site-packages\django\db\models\base.py", line 966, in save_base
    updated = self._save_table(
        raw,
    ...<4 lines>...
        update_fields,
    )
  File "C:\Users\DELL\AppData\Roaming\Python\Python313\site-packages\django\db\models\base.py", line 1110, in _save_table
    results = self._do_update(
        base_qs,
    ...<5 lines>...
        returning_fields,
    )
  File "C:\Users\DELL\AppData\Roaming\Python\Python313\site-packages\django\db\models\base.py", line 1213, in _do_update
    return filtered._update(values, returning_fields)
           ~~~~~~~~~~~~~~~~^^^^^^^^^^^^^^^^^^^^^^^^^^
  File "C:\Users\DELL\AppData\Roaming\Python\Python313\site-packages\django\db\models\query.py", line 1327, in _update
    return query.get_compiler(self.db).execute_returning_sql(returning_fields)
           ~~~~~~~~~~~~~~~~~~~~~~~~~~~~~~~~~~~~~~~~~~~~~~~~~^^^^^^^^^^^^^^^^^^
  File "C:\Users\DELL\AppData\Roaming\Python\Python313\site-packages\django\db\models\sql\compiler.py", line 2140, in execute_returning_sql
    row_count = self.execute_sql(ROW_COUNT)
  File "C:\Users\DELL\AppData\Roaming\Python\Python313\site-packages\django\db\models\sql\compiler.py", line 2111, in execute_sql
    row_count = super().execute_sql(result_type)
  File "C:\Users\DELL\AppData\Roaming\Python\Python313\site-packages\django\db\models\sql\compiler.py", line 1611, in execute_sql
    sql, params = self.as_sql()
                  ~~~~~~~~~~~^^
  File "C:\Users\DELL\AppData\Roaming\Python\Python313\site-packages\django\db\models\sql\compiler.py", line 2065, in as_sql
    val = field.get_db_prep_save(val, connection=self.connection)
  File "C:\Users\DELL\AppData\Roaming\Python\Python313\site-packages\django\db\models\fields\__init__.py", line 1011, in get_db_prep_save
    return self.get_db_prep_value(value, connection=connection, prepared=False)
           ~~~~~~~~~~~~~~~~~~~~~~^^^^^^^^^^^^^^^^^^^^^^^^^^^^^^^^^^^^^^^^^^^^^^
  File "C:\Users\DELL\AppData\Roaming\Python\Python313\site-packages\django\db\models\fields\__init__.py", line 1004, in get_db_prep_value
    value = self.get_prep_value(value)
  File "C:\Users\DELL\AppData\Roaming\Python\Python313\site-packages\django\db\models\fields\__init__.py", line 2034, in get_prep_value
    raise e.__class__(
        "Field '%s' expected a number but got %r." % (self.name, value),
    ) from e
TypeError: Field 'prediction_score' expected a number but got {'prediction': 0.5, 'confidence': 0.5, 'risk_level': 'medium', 'factors': [], 'error': 'Model not loaded'}.
"POST /appointments/book/2/ HTTP/1.1" 500 146531
Failed to send appointment status update emails: 'User' object has no attribute 'doctor'
Failed to send appointment status update emails: 'User' object has no attribute 'doctor'
